D:\EasyEcole\easy-ecole-backend\node_modules\express\lib\router\route.js:216
        throw new Error(msg);
        ^

Error: Route.get() requires a callback function but got a [object Undefined]
    at Route.<computed> [as get] (D:\EasyEcole\easy-ecole-backend\node_modules\express\lib\router\route.js:216:15)
    at router.get (D:\EasyEcole\easy-ecole-backend\node_modules\express\lib\router\index.js:521:19)
    at Object.<anonymous> (D:\EasyEcole\easy-ecole-backend\src\modules\elearning\routers\/ChatRouter.ts:7:12)
    at Module._compile (node:internal/modules/cjs/loader:1871:14)
    at Module._compile (D:\EasyEcole\easy-ecole-backend\node_modules\pirates\lib\index.js:129:24)
    at node:internal/modules/cjs/loader:2002:10
    at Object.newLoader [as .ts] (D:\EasyEcole\easy-ecole-backend\node_modules\pirates\lib\index.js:134:7)
    at Module.load (node:internal/modules/cjs/loader:1594:32)
    at Module._load (node:internal/modules/cjs/loader:1396:12)
    at wrapModuleLoad (node:internal/modules/cjs/loader:255:19)
    at Module.require (node:internal/modules/cjs/loader:1617:12)
    at require (node:internal/modules/helpers:153:16)
    at Object.<anonymous> (D:\EasyEcole\easy-ecole-backend\src\modules\elearning\/ElearningRoutes.ts:6:1)
    at Module._compile (node:internal/modules/cjs/loader:1871:14)
    at Module._compile (D:\EasyEcole\easy-ecole-backend\node_modules\pirates\lib\index.js:129:24)
    at node:internal/modules/cjs/loader:2002:10
    at Object.newLoader [as .ts] (D:\EasyEcole\easy-ecole-backend\node_modules\pirates\lib\index.js:134:7)
    at Module.load (node:internal/modules/cjs/loader:1594:32)
    at Module._load (node:internal/modules/cjs/loader:1396:12)
    at wrapModuleLoad (node:internal/modules/cjs/loader:255:19)
    at Module.require (node:internal/modules/cjs/loader:1617:12)
    at require (node:internal/modules/helpers:153:16)
    at Object.<anonymous> (D:\EasyEcole\easy-ecole-backend\src\/routes.ts:8:1)
    at Module._compile (node:internal/modules/cjs/loader:1871:14)
    at Module._compile (D:\EasyEcole\easy-ecole-backend\node_modules\pirates\lib\index.js:129:24)
    at node:internal/modules/cjs/loader:2002:10
    at Object.newLoader [as .ts] (D:\EasyEcole\easy-ecole-backend\node_modules\pirates\lib\index.js:134:7)
    at Module.load (node:internal/modules/cjs/loader:1594:32)
    at Module._load (node:internal/modules/cjs/loader:1396:12)
    at wrapModuleLoad (node:internal/modules/cjs/loader:255:19)
    at Module.require (node:internal/modules/cjs/loader:1617:12)
    at require (node:internal/modules/helpers:153:16)
    at Object.<anonymous> (D:\EasyEcole\easy-ecole-backend\src\/app.ts:12:1)
    at Module._compile (node:internal/modules/cjs/loader:1871:14)
    at Module._compile (D:\EasyEcole\easy-ecole-backend\node_modules\pirates\lib\index.js:129:24)
    at node:internal/modules/cjs/loader:2002:10
    at Object.newLoader [as .ts] (D:\EasyEcole\easy-ecole-backend\node_modules\pirates\lib\index.js:134:7)
    at Module.load (node:internal/modules/cjs/loader:1594:32)
    at Module._load (node:internal/modules/cjs/loader:1396:12)
    at wrapModuleLoad (node:internal/modules/cjs/loader:255:19)
    at Module.require (node:internal/modules/cjs/loader:1617:12)
    at require (node:internal/modules/helpers:153:16)
    at Object.<anonymous> (D:\EasyEcole\easy-ecole-backend\index.js:6:5)
    at Module._compile (node:internal/modules/cjs/loader:1871:14)
    at Object.<anonymous> (node:internal/modules/cjs/loader:2002:10)
    at Module.load (node:internal/modules/cjs/loader:1594:32)
    at Module._load (node:internal/modules/cjs/loader:1396:12)
    at wrapModuleLoad (node:internal/modules/cjs/loader:255:19)
    at Module.executeUserEntryPoint [as runMain] (node:internal/modules/run_main:154:5)
    at node:internal/main/run_main_module:33:47

Node.js v24.18.0
