
> easy-ecole-orientation-backend@1.0.0 dev
> nodemon src/app.ts

[33m[nodemon] 3.1.14[39m
[33m[nodemon] to restart at any time, enter `rs`[39m
[33m[nodemon] watching path(s): *.*[39m
[33m[nodemon] watching extensions: ts,json[39m
[32m[nodemon] starting `ts-node src/app.ts`[39m
[Cinetpay] API key or merchant ID not configured. Mobile money payments will be disabled.
Listening on http://localhost:3000
(node:13716) [SEQUELIZE0006] DeprecationWarning: This database engine version is not supported, please update your database server. More information https://github.com/sequelize/sequelize/blob/main/ENGINE.md
(Use `node --trace-deprecation ...` to show where the warning was created)
Database connected successfully
Warning (FK constraint ignored): Too many keys specified; max 64 keys allowed
Database: all data synchronized
[RappelSalleCron] Cron de rappel démarré (chaque minute, fenêtre H-10min)
[RappelEcheanceCron] Cron de rappel d'échéances démarré (quotidien à 06:00)
Database connected successfully
Warning (FK constraint ignored): Too many keys specified; max 64 keys allowed
Database: all data synchronized
Plan comptable OHADA universitaire vérifié / complété
Sync ExerciceComptable (alter) ignoré: Too many keys specified; max 64 keys allowed
Database connected successfully
Warning (FK constraint ignored): Too many keys specified; max 64 keys allowed
Database: all data synchronized
Paramètres de frais déjà présents, seed ignoré
[0mGET /api/v1/inscription/dossiers/arbre [32m200[0m 287.693 ms - 4633[0m
[0mGET /api/v1/inscription/dossiers/arbre [33m403[0m 25.891 ms - 93[0m
[0mGET /api/v1/inscription/dossiers/arbre [33m403[0m 24.519 ms - 17[0m
[0mGET /api/v1/inscription/sessions [36m304[0m 202.523 ms - -[0m
[0mGET /api/v1/auth/utilisateurs/moi [36m304[0m 200.540 ms - -[0m
[0mGET /api/v1/inscription/dashboard [32m200[0m 280.881 ms - 929[0m
[0mPOST /api/v1/auth/logout [32m200[0m 1299.862 ms - 50[0m
[0mGET /api/v1/elearning/notifications [33m400[0m 4.772 ms - 54[0m
[DEV OTP] Code pour tepitechbuild@gmail.com: AU3GsqPJgj
[0mPOST /api/v1/auth/login [32m200[0m 2979.120 ms - 86[0m
[0mPOST /api/v1/auth/verify-otp [32m200[0m 15.985 ms - 429[0m
[0mGET /api/v1/menu [36m304[0m 21.770 ms - -[0m
[0mGET /api/v1/auth/permissions/mes-permissions [36m304[0m 108.389 ms - -[0m
[0mGET /api/v1/elearning/notifications [32m200[0m 127.707 ms - 253[0m
[0mGET /api/v1/inscription/sessions [36m304[0m 91.913 ms - -[0m
[0mGET /api/v1/auth/utilisateurs/moi [36m304[0m 105.745 ms - -[0m
[0mGET /api/v1/inscription/dashboard [36m304[0m 144.215 ms - -[0m
[0mGET /api/v1/elearning/notifications [36m304[0m 21.959 ms - -[0m
[0mGET /api/v1/elearning/notifications [36m304[0m 18.360 ms - -[0m
[0mGET /api/v1/elearning/notifications [36m304[0m 16.014 ms - -[0m
[0mGET /api/v1/inscription/niveauxEtude [36m304[0m 10.886 ms - -[0m
[0mGET /api/v1/inscription/parcours [36m304[0m 20.511 ms - -[0m
[0mGET /api/v1/elearning/notifications [36m304[0m 3.395 ms - -[0m
[0mGET /api/v1/inscription/classes [36m304[0m 84.276 ms - -[0m
[0mGET /api/v1/inscription/parcours [36m304[0m 81.461 ms - -[0m
[0mGET /api/v1/inscription/sallesDeClasse [36m304[0m 99.716 ms - -[0m
[0mGET /api/v1/inscription/parcours [36m304[0m 32.081 ms - -[0m
[0mGET /api/v1/inscription/niveauxEtude [36m304[0m 36.179 ms - -[0m
[0mGET /api/v1/inscription/anneesAcademiques [36m304[0m 38.589 ms - -[0m
[0mGET /api/v1/inscription/frais-parcours [36m304[0m 54.727 ms - -[0m
[0mGET /api/v1/elearning/notifications [36m304[0m 8.329 ms - -[0m
[0mGET /api/v1/inscription/sessions [36m304[0m 17.493 ms - -[0m
[0mGET /api/v1/inscription/hierarchy [36m304[0m 220.042 ms - -[0m
[0mGET /api/v1/elearning/notifications [36m304[0m 14.977 ms - -[0m
[0mGET /api/v1/inscription/anneesAcademiques [36m304[0m 32.372 ms - -[0m
[0mGET /api/v1/inscription/parcours [36m304[0m 29.771 ms - -[0m
[0mGET /api/v1/inscription/niveauxEtude [36m304[0m 39.521 ms - -[0m
[0mGET /api/v1/inscription/classes [36m304[0m 48.535 ms - -[0m
[0mGET /api/v1/inscription/cursusApprenant?page=1&limit=20 [32m200[0m 117.051 ms - 45921[0m
[0mGET /api/v1/elearning/notifications [36m304[0m 14.071 ms - -[0m
[0mGET /api/v1/inscription/anneesAcademiques [36m304[0m 66.841 ms - -[0m
[0mGET /api/v1/orientation/niveauxEtude [36m304[0m 66.975 ms - -[0m
[0mGET /api/v1/inscription/sessions [36m304[0m 70.027 ms - -[0m
[0mGET /api/v1/orientation/parcours [36m304[0m 75.468 ms - -[0m
[0mGET /api/v1/orientation/demandesOrientation?page=1&limit=20 [32m200[0m 96.095 ms - 1366[0m
[0mGET /api/v1/elearning/notifications [36m304[0m 6.972 ms - -[0m
[0mGET /api/v1/inscription/anneesAcademiques [36m304[0m 44.548 ms - -[0m
[0mGET /api/v1/inscription/niveauxEtude [36m304[0m 42.637 ms - -[0m
[0mGET /api/v1/inscription/parcours [36m304[0m 47.851 ms - -[0m
[0mGET /api/v1/inscription/sessions [36m304[0m 54.126 ms - -[0m
[0mGET /api/v1/inscription/demandesInscription?page=1&limit=20&statut=en_attente [36m304[0m 77.316 ms - -[0m
[0mGET /api/v1/elearning/notifications [36m304[0m 19.539 ms - -[0m
[0mGET /api/v1/inscription/dossiers/arbre [32m200[0m 50.846 ms - 4633[0m
[0mGET /api/v1/elearning/notifications [36m304[0m 13.058 ms - -[0m
[0mGET /api/v1/elearning/notifications [36m304[0m 27.987 ms - -[0m
[0mGET /api/v1/elearning/notifications [36m304[0m 7.958 ms - -[0m
[0mGET /api/v1/elearning/notifications [36m304[0m 4.456 ms - -[0m
[0mGET /api/v1/elearning/notifications [36m304[0m 5.733 ms - -[0m
[0mGET /api/v1/inscription/classes [36m304[0m 42.227 ms - -[0m
[0mGET /api/v1/auth/enseignants [36m304[0m 1501.590 ms - -[0m
[0mGET /api/v1/inscription/cours [36m304[0m 2110.215 ms - -[0m
[0mGET /api/v1/inscription/seances/planning?semaineDebut=2026-08-03&semaineFin=2026-08-09 [36m304[0m 2099.021 ms - -[0m
[0mGET /api/v1/elearning/notifications [36m304[0m 12.294 ms - -[0m
[0mGET /api/v1/auth/enseignants [36m304[0m 7.020 ms - -[0m
[0mGET /api/v1/inscription/niveauxEtude [36m304[0m 22.097 ms - -[0m
[0mGET /api/v1/inscription/parcours [36m304[0m 23.244 ms - -[0m
[0mGET /api/v1/inscription/cours [36m304[0m 250.814 ms - -[0m
[0mGET /api/v1/elearning/notifications [36m304[0m 7.321 ms - -[0m
[0mGET /api/v1/inscription/niveauxEtude [36m304[0m 15.472 ms - -[0m
[0mGET /api/v1/inscription/classes [36m304[0m 18.848 ms - -[0m
[0mGET /api/v1/inscription/parcours [36m304[0m 18.098 ms - -[0m
[0mGET /api/v1/inscription/cahiersDeTexte [36m304[0m 48.598 ms - -[0m
[0mGET /api/v1/elearning/notifications [36m304[0m 8.370 ms - -[0m
[0mGET /api/v1/inscription/niveauxEtude [36m304[0m 24.823 ms - -[0m
[0mGET /api/v1/inscription/classes [36m304[0m 34.598 ms - -[0m
[0mGET /api/v1/inscription/parcours [36m304[0m 37.491 ms - -[0m
[0mGET /api/v1/inscription/listesPresences [36m304[0m 50.203 ms - -[0m
[0mGET /api/v1/inscription/niveauxEtude [36m304[0m 19.825 ms - -[0m
[0mGET /api/v1/inscription/classes [36m304[0m 36.591 ms - -[0m
[0mGET /api/v1/inscription/parcours [36m304[0m 44.099 ms - -[0m
[0mGET /api/v1/inscription/listesNoteEvaluation [36m304[0m 85.363 ms - -[0m
[0mGET /api/v1/elearning/notifications [36m304[0m 9.488 ms - -[0m
[0mGET /api/v1/elearning/notifications [36m304[0m 11.477 ms - -[0m
[0mGET /api/v1/elearning/notifications [36m304[0m 7.126 ms - -[0m
[0mGET /api/v1/inscription/mcc [32m200[0m 22.912 ms - 5226[0m
[0mGET /api/v1/inscription/echelles-notes [32m200[0m 24.607 ms - 1621[0m
[0mGET /api/v1/elearning/notifications [36m304[0m 3.521 ms - -[0m
[0mGET /api/v1/elearning/notifications [36m304[0m 3.866 ms - -[0m
[0mGET /api/v1/communication/communications [32m200[0m 22.828 ms - 1028[0m
[0mGET /api/v1/communication/actualites [36m304[0m 20.747 ms - -[0m
[0mGET /api/v1/elearning/notifications [36m304[0m 4.735 ms - -[0m
[0mGET /api/v1/elearning/notifications [36m304[0m 5.495 ms - -[0m
[0mGET /api/v1/comptabilite/exercices [36m304[0m 38.872 ms - -[0m
[0mGET /api/v1/comptabilite/exercices/en-cours [36m304[0m 35.690 ms - -[0m
[0mGET /api/v1/comptabilite/dashboard [36m304[0m 125.282 ms - -[0m
[0mGET /api/v1/elearning/notifications [36m304[0m 17.199 ms - -[0m
[0mGET /api/v1/comptabilite/exercices [36m304[0m 9.444 ms - -[0m
[0mGET /api/v1/comptabilite/exercices/en-cours [36m304[0m 9.110 ms - -[0m
[0mGET /api/v1/comptabilite/etats-financiers/compte-resultat?dateDebut=2026-01-01&dateFin=2026-08-06&exerciceId=1 [32m200[0m 40.400 ms - 425[0m
[0mGET /api/v1/elearning/notifications [36m304[0m 4.800 ms - -[0m
[0mGET /api/v1/elearning/notifications [36m304[0m 25.235 ms - -[0m
[0mGET /api/v1/elearning/notifications [36m304[0m 6.270 ms - -[0m
[0mGET /api/v1/inscription/pointages/today [32m200[0m 27.142 ms - 0[0m
[0mGET /api/v1/auth/utilisateurs [32m200[0m 21.123 ms - 7849[0m
[0mGET /api/v1/elearning/chat/mes-salons [32m200[0m 50.732 ms - 1325[0m
[0mGET /api/v1/elearning/notifications [36m304[0m 13.734 ms - -[0m
[0mGET /api/v1/elearning/chat/salons/3/messages?limit=50 [32m200[0m 24.886 ms - 2[0m
[0mGET /api/v1/elearning/chat/salons/3/participants [32m200[0m 27.298 ms - 283[0m
[0mGET /api/v1/elearning/chat/salons/3 [32m200[0m 30.686 ms - 727[0m
[0mGET /api/v1/inscription/sessions [36m304[0m 14.386 ms - -[0m
[0mGET /api/v1/auth/utilisateurs/moi [36m304[0m 20.079 ms - -[0m
[0mGET /api/v1/inscription/dashboard [36m304[0m 46.514 ms - -[0m
[0mGET /api/v1/elearning/notifications [36m304[0m 4.684 ms - -[0m
[0mGET /api/v1/elearning/notifications [36m304[0m 381.931 ms - -[0m
[0mGET /api/v1/elearning/notifications [36m304[0m 5.237 ms - -[0m
[0mGET /api/v1/elearning/notifications [36m304[0m 13.627 ms - -[0m
[0mGET /api/v1/auth/utilisateurs [36m304[0m 14.674 ms - -[0m
[0mGET /api/v1/auth/permissions [32m200[0m 33.512 ms - 32978[0m
[0mGET /api/v1/auth/permissions/utilisateur/1 [32m200[0m 14.276 ms - 2[0m
[0mGET /api/v1/elearning/notifications [36m304[0m 5.190 ms - -[0m
[0mGET /api/v1/elearning/notifications [36m304[0m 10.767 ms - -[0m
[0mGET /api/v1/elearning/notifications [36m304[0m 5.823 ms - -[0m
[0mGET /api/v1/elearning/notifications [36m304[0m 11.028 ms - -[0m
[0mGET /api/v1/elearning/notifications [36m304[0m 18.471 ms - -[0m
[0mGET /api/v1/inscription/sessions [36m304[0m 15.039 ms - -[0m
[0mGET /api/v1/auth/utilisateurs/moi [36m304[0m 21.221 ms - -[0m
[0mGET /api/v1/inscription/dashboard [36m304[0m 38.514 ms - -[0m
[0mGET /api/v1/elearning/notifications [36m304[0m 12.040 ms - -[0m
[0mGET /api/v1/comptabilite/exercices [36m304[0m 45.666 ms - -[0m
[0mGET /api/v1/comptabilite/exercices/en-cours [36m304[0m 45.225 ms - -[0m
[0mGET /api/v1/comptabilite/dashboard [36m304[0m 110.643 ms - -[0m
[0mGET /api/v1/inscription/paiementsInscription [32m200[0m 9.023 ms - 6682[0m
[0mGET /api/v1/elearning/notifications [36m304[0m 4.395 ms - -[0m
[0mGET /api/v1/rh/departements [31m500[0m 284.923 ms - 4817[0m
[0mGET /api/v1/rh/postes [32m200[0m 300.380 ms - 4497[0m
[0mGET /api/v1/rh/employes [31m500[0m 22.601 ms - 5509[0m
[0mGET /api/v1/elearning/notifications [36m304[0m 5.815 ms - -[0m
[0mGET /api/v1/rh/postes [36m304[0m 33.084 ms - -[0m
[0mGET /api/v1/rh/offres-emploi [32m200[0m 38.802 ms - 862[0m
[0mGET /api/v1/rh/categories-professionnelles [32m200[0m 29.455 ms - 2[0m
[0mGET /api/v1/rh/rubriques-paie [32m200[0m 15.337 ms - 1286[0m
[0mGET /api/v1/elearning/notifications [36m304[0m 5.336 ms - -[0m
[0mGET /api/v1/elearning/cours [32m200[0m 29.580 ms - 646[0m
[0mGET /api/v1/elearning/cours/1 [32m200[0m 28.939 ms - 1679[0m
[0mGET /api/v1/elearning/cours/1/player [32m200[0m 27.925 ms - 1316[0m
[0mGET /api/v1/elearning/cours/1 [36m304[0m 28.323 ms - -[0m
[0mGET /api/v1/elearning/notifications [36m304[0m 9.734 ms - -[0m
[0mGET /api/v1/ged/admin/domains [32m200[0m 4033.196 ms - 2[0m
[0mGET /api/v1/ged/academic-tree [32m200[0m 4046.694 ms - 2[0m
[0mGET /api/v1/ged/processus [36m304[0m 4041.996 ms - -[0m
[0mGET /api/v1/ged/sessions [36m304[0m 4038.681 ms - -[0m
[0mGET /api/v1/ged/documents?page=1&pageSize=15 [32m200[0m 4052.401 ms - 44[0m
[0mGET /api/v1/ged/folders [32m200[0m 16.658 ms - 2[0m
[0mGET /api/v1/ged/sessions [36m304[0m 15.007 ms - -[0m
[0mGET /api/v1/ged/processus [36m304[0m 14.197 ms - -[0m
[0mGET /api/v1/elearning/notifications [36m304[0m 4.004 ms - -[0m
[0mGET /api/v1/ged/admin/domains [36m304[0m 10.388 ms - -[0m
[0mGET /api/v1/ged/admin/document-types [32m200[0m 17.352 ms - 2[0m
[0mGET /api/v1/ged/documents?pageSize=100 [32m200[0m 17.661 ms - 45[0m
[0mGET /api/v1/auth/utilisateurs/moi [36m304[0m 30.042 ms - -[0m
[0mGET /api/v1/inscription/sessions [36m304[0m 39.287 ms - -[0m
[0mGET /api/v1/inscription/dashboard [36m304[0m 65.721 ms - -[0m
[0mGET /api/v1/docgen/types [32m200[0m 14.258 ms - 2[0m
[0mGET /api/v1/docgen/types [36m304[0m 3.947 ms - -[0m
[0mGET /api/v1/elearning/notifications [36m304[0m 9.462 ms - -[0m
[0mGET /api/v1/docgen/types [36m304[0m 9.369 ms - -[0m
[0mGET /api/v1/docgen/documents [32m200[0m 11.849 ms - 2[0m
[0mGET /api/v1/inscription/sessions [36m304[0m 16.789 ms - -[0m
[0mGET /api/v1/auth/utilisateurs/moi [36m304[0m 18.635 ms - -[0m
[0mGET /api/v1/inscription/dashboard [36m304[0m 35.513 ms - -[0m
[0mGET /api/v1/elearning/notifications [36m304[0m 4.686 ms - -[0m
[0mGET /api/v1/elearning/notifications [36m304[0m 7.217 ms - -[0m
[0mPOST /api/v1/auth/logout [32m200[0m 21.090 ms - 50[0m
[0mGET /api/v1/elearning/notifications [33m400[0m 0.282 ms - 54[0m
[DEV OTP] Code pour rmandegera@gmail.com: vMjQZKvRKH
[0mPOST /api/v1/auth/login [32m200[0m 2618.886 ms - 83[0m
[0mPOST /api/v1/auth/verify-otp [32m200[0m 3.601 ms - 449[0m
[0mGET /api/v1/orientation/panierParcoursChoisis/statistics/count [36m304[0m 6.417 ms - -[0m
[0mGET /api/v1/elearning/notifications [32m200[0m 39.765 ms - 2[0m
[0mGET /api/v1/auth/permissions/mes-permissions [32m200[0m 2501.466 ms - 836[0m
[0mGET /api/v1/inscription/sessions [36m304[0m 2501.188 ms - -[0m
[0mGET /api/v1/inscription/demandesInscription [32m200[0m 76.195 ms - 3073[0m
[0mGET /api/v1/auth/utilisateurs/moi [32m200[0m 2512.921 ms - 407[0m
[0mGET /api/v1/menu [32m200[0m 2533.619 ms - 7308[0m
[0mGET /api/v1/inscription/dashboard [32m200[0m 2626.360 ms - 743[0m
[0mGET /api/v1/scolarite/demandesDocument/ [36m304[0m 22.505 ms - -[0m
[0mGET /api/v1/inscription/seances/planning?semaineDebut=2026-08-06&semaineFin=2026-08-06 [36m304[0m 44.672 ms - -[0m
[0mGET /api/v1/inscription/publications-notes/mes-notes [36m304[0m 99.897 ms - -[0m
[0mGET /api/v1/inscription/cursus-apprenant/mon-suivi [36m304[0m 66.240 ms - -[0m
[0mGET /api/v1/elearning/notifications [36m304[0m 15.866 ms - -[0m
[0mGET /api/v1/elearning/notifications [36m304[0m 7.913 ms - -[0m
[0mGET /api/v1/elearning/notifications [36m304[0m 7.701 ms - -[0m
[0mGET /api/v1/elearning/notifications [36m304[0m 12.417 ms - -[0m
[0mGET /api/v1/elearning/notifications [36m304[0m 8.886 ms - -[0m
[0mGET /api/v1/elearning/notifications [36m304[0m 13.650 ms - -[0m
[0mGET /api/v1/elearning/notifications [36m304[0m 7.234 ms - -[0m
[0mGET /api/v1/elearning/notifications [36m304[0m 9.073 ms - -[0m
[0mGET /api/v1/elearning/notifications [36m304[0m 9.490 ms - -[0m
[0mGET /api/v1/elearning/notifications [36m304[0m 8.541 ms - -[0m
[0mGET /api/v1/elearning/notifications [36m304[0m 10.646 ms - -[0m
[0mGET /api/v1/elearning/notifications [36m304[0m 8.662 ms - -[0m
[0mGET /api/v1/elearning/notifications [36m304[0m 7.074 ms - -[0m
[0mGET /api/v1/elearning/notifications [36m304[0m 10.778 ms - -[0m
[0mGET /api/v1/elearning/notifications [36m304[0m 15.525 ms - -[0m
[0mGET /api/v1/elearning/notifications [36m304[0m 16.035 ms - -[0m
[0mGET /api/v1/elearning/notifications [36m304[0m 11.064 ms - -[0m
[0mGET /api/v1/elearning/notifications [36m304[0m 12.163 ms - -[0m
[0mGET /api/v1/elearning/notifications [36m304[0m 6.609 ms - -[0m
[0mGET /api/v1/elearning/notifications [36m304[0m 6.349 ms - -[0m
[0mGET /api/v1/elearning/notifications [36m304[0m 12.065 ms - -[0m
[0mGET /api/v1/elearning/notifications [36m304[0m 6.140 ms - -[0m
[0mGET /api/v1/elearning/notifications [36m304[0m 3.955 ms - -[0m
[0mGET /api/v1/elearning/notifications [36m304[0m 8.060 ms - -[0m
[0mGET /api/v1/elearning/notifications [36m304[0m 4.680 ms - -[0m
[0mGET /api/v1/elearning/notifications [36m304[0m 5.120 ms - -[0m
[0mGET /api/v1/elearning/notifications [36m304[0m 5.077 ms - -[0m
[0mGET /api/v1/elearning/notifications [36m304[0m 4.136 ms - -[0m
[0mGET /api/v1/elearning/notifications [36m304[0m 9.137 ms - -[0m
[0mGET /api/v1/elearning/notifications [36m304[0m 6.892 ms - -[0m
[0mGET /api/v1/elearning/notifications [36m304[0m 7.209 ms - -[0m
[0mGET /api/v1/elearning/notifications [36m304[0m 12.769 ms - -[0m
[0mGET /api/v1/elearning/notifications [36m304[0m 8.903 ms - -[0m
[0mGET /api/v1/elearning/notifications [36m304[0m 10.325 ms - -[0m
[0mGET /api/v1/elearning/notifications [36m304[0m 14.120 ms - -[0m
[0mGET /api/v1/elearning/notifications [36m304[0m 10.620 ms - -[0m
[0mGET /api/v1/elearning/notifications [36m304[0m 11.856 ms - -[0m
[0mGET /api/v1/elearning/notifications [36m304[0m 6.410 ms - -[0m
[0mGET /api/v1/elearning/notifications [36m304[0m 5.193 ms - -[0m
[0mGET /api/v1/elearning/notifications [36m304[0m 7.512 ms - -[0m
[0mGET /api/v1/elearning/notifications [36m304[0m 18.671 ms - -[0m
[0mGET /api/v1/elearning/notifications [36m304[0m 4.679 ms - -[0m
[0mGET /api/v1/elearning/notifications [36m304[0m 5.127 ms - -[0m
[0mGET /api/v1/elearning/notifications [36m304[0m 9.234 ms - -[0m
[0mGET /api/v1/elearning/notifications [36m304[0m 12.429 ms - -[0m
[0mGET /api/v1/elearning/notifications [36m304[0m 5.851 ms - -[0m
[0mGET /api/v1/elearning/notifications [36m304[0m 7.231 ms - -[0m
[0mGET /api/v1/elearning/notifications [36m304[0m 8.206 ms - -[0m
[0mGET /api/v1/elearning/notifications [36m304[0m 3.689 ms - -[0m
[0mGET /api/v1/elearning/notifications [36m304[0m 9.607 ms - -[0m
[0mGET /api/v1/elearning/notifications [36m304[0m 22.975 ms - -[0m
[0mGET /api/v1/elearning/notifications [36m304[0m 7.634 ms - -[0m
[0mGET /api/v1/elearning/notifications [36m304[0m 9.717 ms - -[0m
[0mGET /api/v1/elearning/notifications [36m304[0m 9.595 ms - -[0m
[0mGET /api/v1/elearning/notifications [36m304[0m 20.271 ms - -[0m
[0mGET /api/v1/elearning/notifications [36m304[0m 5.784 ms - -[0m
[0mGET /api/v1/elearning/notifications [36m304[0m 11.974 ms - -[0m
[0mGET /api/v1/elearning/notifications [36m304[0m 7.308 ms - -[0m
[0mGET /api/v1/elearning/notifications [36m304[0m 4.067 ms - -[0m
[0mGET /api/v1/elearning/notifications [36m304[0m 7.418 ms - -[0m
[0mGET /api/v1/elearning/notifications [36m304[0m 4.731 ms - -[0m
[0mGET /api/v1/elearning/notifications [36m304[0m 10.135 ms - -[0m
[0mGET /api/v1/elearning/notifications [36m304[0m 10.572 ms - -[0m
[0mGET /api/v1/elearning/notifications [36m304[0m 9.816 ms - -[0m
[0mGET /api/v1/elearning/notifications [36m304[0m 8.069 ms - -[0m
[0mGET /api/v1/elearning/notifications [36m304[0m 4.822 ms - -[0m
[0mGET /api/v1/elearning/notifications [36m304[0m 9.978 ms - -[0m
[0mGET /api/v1/elearning/notifications [36m304[0m 6.795 ms - -[0m
[0mGET /api/v1/elearning/notifications [36m304[0m 11.960 ms - -[0m
[0mGET /api/v1/elearning/notifications [36m304[0m 11.122 ms - -[0m
[0mGET /api/v1/elearning/notifications [36m304[0m 7.581 ms - -[0m
[0mGET /api/v1/elearning/notifications [36m304[0m 5.702 ms - -[0m
[0mGET /api/v1/elearning/notifications [36m304[0m 6.567 ms - -[0m
[0mGET /api/v1/elearning/notifications [36m304[0m 10.308 ms - -[0m
[0mGET /api/v1/elearning/notifications [36m304[0m 9.204 ms - -[0m
[0mGET /api/v1/elearning/notifications [36m304[0m 8.660 ms - -[0m
[0mGET /api/v1/elearning/notifications [36m304[0m 9.650 ms - -[0m
[0mGET /api/v1/elearning/notifications [36m304[0m 10.214 ms - -[0m
[0mGET /api/v1/elearning/notifications [36m304[0m 9.137 ms - -[0m
[0mGET /api/v1/elearning/notifications [36m304[0m 9.274 ms - -[0m
[0mGET /api/v1/elearning/notifications [36m304[0m 12.820 ms - -[0m
[0mGET /api/v1/elearning/notifications [36m304[0m 9.304 ms - -[0m
[0mGET /api/v1/elearning/notifications [36m304[0m 4.719 ms - -[0m
[0mGET /api/v1/elearning/notifications [36m304[0m 4.572 ms - -[0m
[0mGET /api/v1/elearning/notifications [36m304[0m 7.974 ms - -[0m
[0mGET /api/v1/elearning/notifications [36m304[0m 7.612 ms - -[0m
[0mGET /api/v1/elearning/notifications [36m304[0m 12.566 ms - -[0m
[0mGET /api/v1/elearning/notifications [36m304[0m 13.842 ms - -[0m
[0mGET /api/v1/elearning/notifications [36m304[0m 12.093 ms - -[0m
[0mGET /api/v1/elearning/notifications [36m304[0m 5.355 ms - -[0m
[0mGET /api/v1/elearning/notifications [36m304[0m 12.230 ms - -[0m
[0mGET /api/v1/elearning/notifications [36m304[0m 7.889 ms - -[0m
[0mGET /api/v1/elearning/notifications [36m304[0m 12.033 ms - -[0m
[0mGET /api/v1/elearning/notifications [36m304[0m 11.523 ms - -[0m
[0mGET /api/v1/elearning/notifications [36m304[0m 5.899 ms - -[0m
[0mGET /api/v1/elearning/notifications [36m304[0m 5.908 ms - -[0m
[0mGET /api/v1/elearning/notifications [36m304[0m 11.832 ms - -[0m
[0mGET /api/v1/elearning/notifications [36m304[0m 12.746 ms - -[0m
[0mGET /api/v1/elearning/notifications [36m304[0m 4.111 ms - -[0m
[0mGET /api/v1/elearning/notifications [36m304[0m 4.423 ms - -[0m
[0mGET /api/v1/elearning/notifications [36m304[0m 8.588 ms - -[0m
[0mGET /api/v1/elearning/notifications [36m304[0m 8.096 ms - -[0m
[0mGET /api/v1/elearning/notifications [36m304[0m 11.229 ms - -[0m
[0mGET /api/v1/elearning/notifications [36m304[0m 4.739 ms - -[0m
[0mGET /api/v1/elearning/notifications [36m304[0m 3.484 ms - -[0m
[0mGET /api/v1/elearning/notifications [36m304[0m 11.276 ms - -[0m
[0mGET /api/v1/elearning/notifications [36m304[0m 14.373 ms - -[0m
[0mGET /api/v1/elearning/notifications [36m304[0m 8.060 ms - -[0m
[0mGET /api/v1/elearning/notifications [36m304[0m 10.728 ms - -[0m
[0mGET /api/v1/elearning/notifications [36m304[0m 7.053 ms - -[0m
[0mGET /api/v1/elearning/notifications [36m304[0m 11.073 ms - -[0m
[0mGET /api/v1/elearning/notifications [36m304[0m 12.726 ms - -[0m
[0mGET /api/v1/elearning/notifications [36m304[0m 6.877 ms - -[0m
[0mGET /api/v1/elearning/notifications [36m304[0m 5.657 ms - -[0m
[0mGET /api/v1/elearning/notifications [36m304[0m 8.414 ms - -[0m
[0mGET /api/v1/elearning/notifications [36m304[0m 11.962 ms - -[0m
[0mGET /api/v1/elearning/notifications [36m304[0m 13.931 ms - -[0m
[0mGET /api/v1/elearning/notifications [36m304[0m 12.483 ms - -[0m
[0mGET /api/v1/elearning/notifications [36m304[0m 9.530 ms - -[0m
[0mGET /api/v1/elearning/notifications [36m304[0m 11.085 ms - -[0m
[0mGET /api/v1/elearning/notifications [36m304[0m 5.926 ms - -[0m
[0mGET /api/v1/elearning/notifications [36m304[0m 6.079 ms - -[0m
[0mGET /api/v1/elearning/notifications [36m304[0m 9.223 ms - -[0m
[0mGET /api/v1/elearning/notifications [36m304[0m 7.780 ms - -[0m
[0mGET /api/v1/elearning/notifications [36m304[0m 8.094 ms - -[0m
[0mGET /api/v1/elearning/notifications [36m304[0m 9.982 ms - -[0m
[0mGET /api/v1/elearning/notifications [36m304[0m 9.750 ms - -[0m
[0mGET /api/v1/elearning/notifications [36m304[0m 11.574 ms - -[0m
[0mGET /api/v1/elearning/notifications [36m304[0m 7.957 ms - -[0m
[0mGET /api/v1/elearning/notifications [36m304[0m 12.973 ms - -[0m
[0mGET /api/v1/elearning/notifications [36m304[0m 6.721 ms - -[0m
[0mGET /api/v1/elearning/notifications [36m304[0m 8.035 ms - -[0m
[0mGET /api/v1/elearning/notifications [36m304[0m 5.320 ms - -[0m
[0mGET /api/v1/elearning/notifications [36m304[0m 8.730 ms - -[0m
[0mGET /api/v1/elearning/notifications [36m304[0m 9.798 ms - -[0m
[0mGET /api/v1/elearning/notifications [36m304[0m 4.760 ms - -[0m
[0mGET /api/v1/elearning/notifications [36m304[0m 10.848 ms - -[0m
[0mGET /api/v1/elearning/notifications [36m304[0m 11.634 ms - -[0m
[0mGET /api/v1/elearning/notifications [36m304[0m 4.569 ms - -[0m
[0mGET /api/v1/elearning/notifications [36m304[0m 10.099 ms - -[0m
[0mGET /api/v1/elearning/notifications [36m304[0m 7.026 ms - -[0m
[0mGET /api/v1/elearning/notifications [36m304[0m 7.049 ms - -[0m
[0mGET /api/v1/elearning/notifications [36m304[0m 9.940 ms - -[0m
[0mGET /api/v1/elearning/notifications [36m304[0m 14.077 ms - -[0m
[0mGET /api/v1/elearning/notifications [36m304[0m 9.670 ms - -[0m
[0mGET /api/v1/elearning/notifications [36m304[0m 11.154 ms - -[0m
[0mGET /api/v1/elearning/notifications [36m304[0m 9.823 ms - -[0m
[0mGET /api/v1/elearning/notifications [36m304[0m 12.036 ms - -[0m
[0mGET /api/v1/elearning/notifications [36m304[0m 13.196 ms - -[0m
[0mGET /api/v1/elearning/notifications [36m304[0m 8.856 ms - -[0m
[0mGET /api/v1/elearning/notifications [36m304[0m 8.923 ms - -[0m
[0mGET /api/v1/elearning/notifications [36m304[0m 11.218 ms - -[0m
[0mGET /api/v1/elearning/notifications [36m304[0m 15.815 ms - -[0m
[0mGET /api/v1/elearning/notifications [36m304[0m 11.484 ms - -[0m
[0mGET /api/v1/elearning/notifications [36m304[0m 5.499 ms - -[0m
[0mGET /api/v1/elearning/notifications [36m304[0m 6.681 ms - -[0m
[0mGET /api/v1/elearning/notifications [36m304[0m 5.180 ms - -[0m
[0mGET /api/v1/elearning/notifications [36m304[0m 12.463 ms - -[0m
[0mGET /api/v1/elearning/notifications [36m304[0m 6.409 ms - -[0m
[0mGET /api/v1/elearning/notifications [36m304[0m 11.518 ms - -[0m
[0mGET /api/v1/elearning/notifications [36m304[0m 4.979 ms - -[0m
[0mGET /api/v1/elearning/notifications [36m304[0m 7.105 ms - -[0m
[0mGET /api/v1/elearning/notifications [36m304[0m 5.935 ms - -[0m
[0mGET /api/v1/elearning/notifications [36m304[0m 7.638 ms - -[0m
[0mGET /api/v1/elearning/notifications [36m304[0m 10.398 ms - -[0m
[0mGET /api/v1/elearning/notifications [36m304[0m 16.266 ms - -[0m
[0mGET /api/v1/elearning/notifications [36m304[0m 7.955 ms - -[0m
[0mGET /api/v1/elearning/notifications [36m304[0m 9.915 ms - -[0m
[0mGET /api/v1/elearning/notifications [36m304[0m 10.625 ms - -[0m
[0mGET /api/v1/elearning/notifications [36m304[0m 12.912 ms - -[0m
[0mGET /api/v1/elearning/notifications [36m304[0m 5.710 ms - -[0m
[0mGET /api/v1/elearning/notifications [36m304[0m 4.519 ms - -[0m
[0mGET /api/v1/elearning/notifications [36m304[0m 12.045 ms - -[0m
[0mGET /api/v1/elearning/notifications [36m304[0m 14.048 ms - -[0m
[0mGET /api/v1/elearning/notifications [36m304[0m 6.840 ms - -[0m
[0mGET /api/v1/elearning/notifications [36m304[0m 8.954 ms - -[0m
[0mGET /api/v1/elearning/notifications [36m304[0m 7.834 ms - -[0m
[0mGET /api/v1/elearning/notifications [36m304[0m 10.656 ms - -[0m
[0mGET /api/v1/elearning/notifications [36m304[0m 11.198 ms - -[0m
[0mGET /api/v1/elearning/notifications [36m304[0m 5.566 ms - -[0m
[0mGET /api/v1/elearning/notifications [36m304[0m 5.127 ms - -[0m
[0mGET /api/v1/elearning/notifications [36m304[0m 13.153 ms - -[0m
[0mGET /api/v1/elearning/notifications [36m304[0m 8.198 ms - -[0m
[0mGET /api/v1/elearning/notifications [36m304[0m 15.804 ms - -[0m
[0mGET /api/v1/elearning/notifications [36m304[0m 11.036 ms - -[0m
[0mGET /api/v1/elearning/notifications [36m304[0m 8.436 ms - -[0m
[0mGET /api/v1/elearning/notifications [36m304[0m 10.741 ms - -[0m
[0mGET /api/v1/elearning/notifications [36m304[0m 6.801 ms - -[0m
[0mGET /api/v1/elearning/notifications [36m304[0m 13.369 ms - -[0m
[0mGET /api/v1/elearning/notifications [36m304[0m 21.237 ms - -[0m
[0mGET /api/v1/elearning/notifications [36m304[0m 10.361 ms - -[0m
[0mGET /api/v1/elearning/notifications [36m304[0m 14.113 ms - -[0m
[0mGET /api/v1/elearning/notifications [36m304[0m 14.246 ms - -[0m
[0mGET /api/v1/elearning/notifications [36m304[0m 12.200 ms - -[0m
[0mGET /api/v1/elearning/notifications [36m304[0m 90.283 ms - -[0m
[0mGET /api/v1/elearning/notifications [36m304[0m 15.761 ms - -[0m
[0mGET /api/v1/elearning/notifications [36m304[0m 17.550 ms - -[0m
[0mGET /api/v1/elearning/notifications [36m304[0m 9.475 ms - -[0m
[0mGET /api/v1/elearning/notifications [36m304[0m 15.442 ms - -[0m
[0mGET /api/v1/elearning/notifications [36m304[0m 19.370 ms - -[0m
[0mGET /api/v1/elearning/notifications [36m304[0m 17.651 ms - -[0m
[0mGET /api/v1/elearning/notifications [36m304[0m 16.502 ms - -[0m
[0mGET /api/v1/elearning/notifications [36m304[0m 12.184 ms - -[0m
[0mGET /api/v1/elearning/notifications [36m304[0m 10.150 ms - -[0m
[0mGET /api/v1/elearning/notifications [36m304[0m 16.477 ms - -[0m
[0mGET /api/v1/inscription/sessions [36m304[0m 406.474 ms - -[0m
[0mGET /api/v1/inscription/demandesInscription [36m304[0m 430.435 ms - -[0m
[0mGET /api/v1/auth/utilisateurs/moi [36m304[0m 448.089 ms - -[0m
[0mGET /api/v1/inscription/dashboard [36m304[0m 608.754 ms - -[0m
[0mGET /api/v1/scolarite/demandesDocument/ [36m304[0m 22.954 ms - -[0m
[0mGET /api/v1/inscription/seances/planning?semaineDebut=2026-08-06&semaineFin=2026-08-06 [36m304[0m 49.696 ms - -[0m
[0mGET /api/v1/inscription/publications-notes/mes-notes [36m304[0m 98.910 ms - -[0m
[0mGET /api/v1/inscription/cursus-apprenant/mon-suivi [36m304[0m 99.277 ms - -[0m
[0mGET /api/v1/elearning/notifications [36m304[0m 11.142 ms - -[0m
[0mGET /api/v1/inscription/dossiers/mon-dossier [32m200[0m 85.156 ms - 3991[0m
[0mGET /api/v1/elearning/notifications [36m304[0m 12.203 ms - -[0m
[0mGET /api/v1/inscription/cursus-apprenant/mon-suivi [36m304[0m 99.115 ms - -[0m
[0mGET /api/v1/elearning/notifications [36m304[0m 15.507 ms - -[0m
[0mGET /api/v1/inscription/dossiers/mon-dossier [36m304[0m 78.740 ms - -[0m
[0mGET /api/v1/elearning/notifications [36m304[0m 6.112 ms - -[0m
[0mGET /api/v1/inscription/dossiers/26/carte?token=eyJhbGciOiJIUzI1NiIsInR5cCI6IkpXVCJ9.eyJleHAiOjE3ODYwNTY0OTYsImlkIjozMSwiZW1haWwiOiJybWFuZGVnZXJhQGdtYWlsLmNvbSIsImlkZW50aWZpYW50IjoiRXNzb3JlemFtIiwicm9sZSI6ImFwcHJlbmFudCIsInRva2VuVmVyc2lvbiI6NywiZXRhYmxpc3NlbWVudElkIjpudWxsLCJpYXQiOjE3ODYwMjA0OTZ9.ebEOBWeyAUq6QY9v4qQs3k00lXtHVfcjhl7OxcYfcVM [33m404[0m 436.716 ms - 55[0m
[0mGET /api/v1/elearning/notifications [36m304[0m 13.741 ms - -[0m
[0mGET /api/v1/orientation/parcours [36m304[0m 37.614 ms - -[0m
[0mGET /api/v1/orientation/categories [36m304[0m 36.380 ms - -[0m
[0mGET /api/v1/orientation/niveauxEtude [36m304[0m 44.655 ms - -[0m
[0mGET /api/v1/elearning/notifications [36m304[0m 14.331 ms - -[0m
[0mPOST /api/v1/auth/logout [32m200[0m 49.396 ms - 50[0m
[DEV OTP] Code pour tepitechbuild@gmail.com: 2r9j6GKfSP
[0mPOST /api/v1/auth/login [32m200[0m 2143.086 ms - 86[0m
[0mGET /api/v1/elearning/notifications [33m400[0m 0.604 ms - 54[0m
[0mPOST /api/v1/auth/verify-otp [32m200[0m 12.323 ms - 431[0m
[0mGET /api/v1/menu [32m200[0m 20.582 ms - 28522[0m
[0mGET /api/v1/auth/permissions/mes-permissions [32m200[0m 49.030 ms - 8448[0m
[0mGET /api/v1/elearning/notifications [32m200[0m 52.654 ms - 253[0m
[0mGET /api/v1/inscription/sessions [36m304[0m 31.689 ms - -[0m
[0mGET /api/v1/auth/utilisateurs/moi [32m200[0m 49.458 ms - 199[0m
[0mGET /api/v1/inscription/dashboard [32m200[0m 104.509 ms - 929[0m
[0mGET /api/v1/menu [36m304[0m 12.059 ms - -[0m
[0mGET /api/v1/auth/permissions/mes-permissions [36m304[0m 40.174 ms - -[0m
[0mGET /api/v1/elearning/notifications [36m304[0m 43.631 ms - -[0m
[0mGET /api/v1/inscription/sessions [36m304[0m 30.915 ms - -[0m
[0mGET /api/v1/auth/utilisateurs/moi [36m304[0m 38.551 ms - -[0m
[0mGET /api/v1/inscription/dashboard [36m304[0m 67.125 ms - -[0m
[0mGET /api/v1/inscription/anneesAcademiques [36m304[0m 23.424 ms - -[0m
[0mGET /api/v1/inscription/parcours [36m304[0m 26.001 ms - -[0m
[0mGET /api/v1/inscription/niveauxEtude [36m304[0m 27.977 ms - -[0m
[0mGET /api/v1/inscription/classes [36m304[0m 41.394 ms - -[0m
[0mGET /api/v1/inscription/cursusApprenant?page=1&limit=20 [32m200[0m 102.445 ms - 45921[0m
[0mGET /api/v1/elearning/notifications [36m304[0m 5.099 ms - -[0m
[0mGET /api/v1/inscription/excel/apprenants/export [32m200[0m 384.130 ms - -[0m
[0mGET /api/v1/elearning/notifications [36m304[0m 14.033 ms - -[0m
[0mGET /api/v1/comptabilite/exercices [36m304[0m 53.303 ms - -[0m
[0mGET /api/v1/comptabilite/exercices/en-cours [36m304[0m 49.530 ms - -[0m
[0mGET /api/v1/comptabilite/dashboard [36m304[0m 110.575 ms - -[0m
[0mGET /api/v1/elearning/notifications [36m304[0m 4.019 ms - -[0m
[0mGET /api/v1/elearning/notifications [36m304[0m 6.622 ms - -[0m
[0mGET /api/v1/comptabilite/comptes [36m304[0m 18.542 ms - -[0m
[0mGET /api/v1/elearning/notifications [36m304[0m 7.644 ms - -[0m
[0mGET /api/v1/rh/categories-professionnelles [36m304[0m 29.010 ms - -[0m
[0mGET /api/v1/rh/grilles-salariales [32m200[0m 33.810 ms - 2[0m
[0mGET /api/v1/rh/rubriques-paie [36m304[0m 20.303 ms - -[0m
[0mGET /api/v1/rh/periodes-paie [32m200[0m 21.247 ms - 194[0m
[0mGET /api/v1/elearning/notifications [36m304[0m 9.130 ms - -[0m
[0mGET /api/v1/elearning/notifications [36m304[0m 5.903 ms - -[0m
[0mPOST /api/v1/rh/periodes-paie/1/generer [31m500[0m 112.803 ms - 1244[0m
[0mGET /api/v1/rh/rubriques-paie [36m304[0m 13.344 ms - -[0m
[0mGET /api/v1/elearning/notifications [36m304[0m 11.538 ms - -[0m
[0mGET /api/v1/auth/apprenants [32m200[0m 58.389 ms - 42667[0m
[0mGET /api/v1/auth/utilisateurs [36m304[0m 29.770 ms - -[0m
[0mGET /api/v1/auth/utilisateurs [36m304[0m 91.227 ms - -[0m
[0mGET /api/v1/auth/permissions [36m304[0m 110.268 ms - -[0m
[0mGET /api/v1/elearning/notifications [36m304[0m 13.704 ms - -[0m
[0mGET /api/v1/inscription/paiementsInscription [36m304[0m 13.686 ms - -[0m
[0mGET /api/v1/elearning/notifications [36m304[0m 8.492 ms - -[0m
[0mGET /api/v1/elearning/notifications [36m304[0m 4.903 ms - -[0m
[0mGET /api/v1/elearning/notifications [36m304[0m 8.697 ms - -[0m
[0mGET /api/v1/stocks/corrections-stock [32m200[0m 56.820 ms - 2[0m
[0mGET /api/v1/stocks/articles [36m304[0m 91.838 ms - -[0m
[0mGET /api/v1/stocks/articles [36m304[0m 28.942 ms - -[0m
[0mGET /api/v1/stocks/transferts [32m200[0m 30.348 ms - 2[0m
[0mGET /api/v1/stocks/besoins [32m200[0m 44.766 ms - 2[0m
[0mGET /api/v1/stocks/articles [36m304[0m 42.038 ms - -[0m
[0mGET /api/v1/elearning/notifications [36m304[0m 10.386 ms - -[0m
[0mGET /api/v1/qualite/non-conformites [32m200[0m 59.579 ms - 2[0m
[0mGET /api/v1/qualite/audits [32m200[0m 77.211 ms - 2[0m
[0mGET /api/v1/qualite/revues-direction [32m200[0m 32.590 ms - 2[0m
[0mGET /api/v1/qualite/enquetes-satisfaction [32m200[0m 37.001 ms - 2[0m
[0mGET /api/v1/elearning/notifications [36m304[0m 10.725 ms - -[0m
[0mGET /api/v1/elearning/notifications [36m304[0m 5.168 ms - -[0m
[0mGET /api/v1/elearning/notifications [36m304[0m 11.243 ms - -[0m
[0mGET /api/v1/elearning/notifications [36m304[0m 5.899 ms - -[0m
[0mGET /api/v1/elearning/notifications [36m304[0m 9.187 ms - -[0m
[0mGET /api/v1/elearning/notifications [36m304[0m 10.324 ms - -[0m
[0mGET /api/v1/elearning/notifications [36m304[0m 6.278 ms - -[0m
[0mGET /api/v1/elearning/notifications [36m304[0m 6.495 ms - -[0m
[0mGET /api/v1/elearning/notifications [36m304[0m 9.290 ms - -[0m
[0mGET /api/v1/elearning/notifications [36m304[0m 10.135 ms - -[0m
[0mGET /api/v1/elearning/notifications [36m304[0m 16.787 ms - -[0m
[0mGET /api/v1/elearning/notifications [36m304[0m 11.115 ms - -[0m
[0mGET /api/v1/elearning/notifications [36m304[0m 9.955 ms - -[0m
[0mGET / [33m404[0m 289.852 ms - 139[0m
[0mGET /api/v1 [32m200[0m 26.650 ms - 11[0m
[0mGET /api/v1 [32m200[0m 29.153 ms - 11[0m
